﻿
> temp-app@0.0.0 build
> vite build

[36mvite v5.4.21 [32mbuilding for production...[36m[39m
transforming...
[32mÔ£ô[39m 3 modules transformed.
node.exe : [31mx[39m 
Build failed in 846ms
At line:1 char:1
+ & "C:\Program 
Files\nodejs/node.exe" 
"C:\Program 
Files\nodejs/node_mo 
...
+ ~~~~~~~~~~~~~~~~~~~~~
~~~~~~~~~~~~~~~~~~~~~~~
~~~~~~~~~~~~~~~~~~~~~~~
~~
    + CategoryInfo     
         : NotSpecifi  
  ed: ([31mx[39m B   
 uild failed in 846    
ms:String) [], Rem    
oteException
    + FullyQualifiedEr 
   rorId : NativeComm  
  andError
 
[31merror during 
build:
[31m[vite:css] 
[postcss] It looks 
like you're trying to 
use `tailwindcss` 
directly as a PostCSS 
plugin. The PostCSS 
plugin has moved to a 
separate package, so 
to continue using 
Tailwind CSS with 
PostCSS you'll need to 
install 
`@tailwindcss/postcss` 
and update your 
PostCSS 
configuration.[31m
file: [36mC:/Users/Bel
la/Downloads/New folder
/src/index.css:undefine
d:NaN[31m
    at at (C:\Users\Bel
la\Downloads\New folder
\node_modules\tailwindc
ss\dist\lib.js:38:1643)
    at 
LazyResult.runOnRoot (C
:\Users\Bella\Downloads
\New folder\node_module
s\postcss\lib\lazy-resu
lt.js:361:16)
    at 
LazyResult.runAsync (C:
\Users\Bella\Downloads\
New folder\node_modules
\postcss\lib\lazy-resul
t.js:290:26)
    at 
LazyResult.async (C:\Us
ers\Bella\Downloads\New
 folder\node_modules\po
stcss\lib\lazy-result.j
s:192:30)
    at LazyResult.then 
(C:\Users\Bella\Downloa
ds\New folder\node_modu
les\postcss\lib\lazy-re
sult.js:436:17)[39m
